// Jest Snapshot v1, https://goo.gl/fbAQLP

exports[`Exchange fee modal component renders exchange fee modal 1`] = `
.glamor-5 {
  border-radius: 10px;
  width: 500px;
  height: auto;
  padding: 20px;
  background-color: white;
  margin: 0 auto;
  font-size: 14px;
}

.glamor-1 {
  font-size: 24px;
}

.glamor-3 {
  font-size: 16px;
  color: #4169E1;
}

.glamor-3:hover {
  cursor: pointer;
}

<div
  className="glamor-4 glamor-5"
>
  <h1
    className="glamor-0 glamor-1"
  >
    FX exchange limit fee
  </h1>
  <p>
    You've reached FX rate limit of $6000 per month. Future exchange will proceed with 0,5% fee.
  </p>
  <a
    className="glamor-2 glamor-3"
    onClick={[Function]}
  >
    GOT IT
  </a>
</div>
`;

exports[`Exchange fee modal component renders null when display false passed 1`] = `null`;
