// Jest Snapshot v1, https://goo.gl/fbAQLP

exports[`In progress modal component renders in progress modal 1`] = `
.glamor-5 {
  border-radius: 10px;
  width: 500px;
  height: auto;
  padding: 20px;
  background-color: white;
  margin: 0 auto;
  font-size: 14px;
}

.glamor-1 {
  font-size: 24px;
}

.glamor-3 {
  border: none;
  font-size: 16px;
  background-color: #4169E1;
  color: white;
  padding: 15px 10px;
  width: 100%;
  border-radius: 25px;
}

.glamor-3:hover {
  cursor: pointer;
}

<div
  className="glamor-4 glamor-5"
>
  <h1
    className="glamor-0 glamor-1"
  >
    Exchange finished
  </h1>
  <button
    className="glamor-2 glamor-3"
    onClick={[Function]}
  >
    Close
  </button>
</div>
`;

exports[`In progress modal component renders null when display false passed 1`] = `null`;
